[runner] timeout scaling active: measured_decode_tps=42.4, reference_tps=100.0, scale=2.36
  [1/15] TC-01 ✓ passed pass@1 (3.2s)
  [2/15] TC-02 ✓ passed pass@1 (1.0s)
  [3/15] TC-03 ✗ wrong_answer fail (2.5s)
  [4/15] TC-04 ✓ passed pass@1 (2.2s)
  [5/15] TC-05 ✗ verifier_fail fail (1.0s)
  [6/15] TC-06 ✓ passed pass@1 (2.9s)
  [7/15] TC-07 ✓ passed pass@1 (2.1s)
  [8/15] TC-08 ✓ passed pass@1 (0.9s)
  [9/15] TC-09 ✗ verifier_fail fail (0.9s)
  [10/15] TC-10 ✓ passed pass@1 (0.5s)
  [11/15] TC-11 ✓ passed pass@1 (1.0s)
  [12/15] TC-12 ✓ passed pass@1 (6.1s)
  [13/15] TC-13 ✓ passed pass@1 (1.2s)
  [14/15] TC-14 ✓ passed pass@1 (1.0s)
  [15/15] TC-15 ✓ passed pass@1 (1.0s)
toolcall-15 (v1.0.1) | 12 / 15 | 80% | 1.01s | ok
  [1/15] IF-01 ✓ passed pass@1 (13.2s)
  [2/15] IF-02 ✓ passed pass@1 (3.5s)
  [3/15] IF-03 ✓ passed pass@1 (6.0s)
  [4/15] IF-04 ✗ verifier_fail fail (6.0s)
  [5/15] IF-05 ✓ passed pass@1 (7.7s)
  [6/15] IF-06 ✓ passed pass@1 (4.2s)
  [7/15] IF-07 ✓ passed pass@1 (6.0s)
  [8/15] IF-08 ✓ passed pass@1 (8.8s)
  [9/15] IF-09 ✓ passed pass@1 (12.6s)
  [10/15] IF-10 ✓ passed pass@1 (35.5s)
  [11/15] IF-11 ✓ passed pass@1 (50.6s)
  [12/15] IF-12 ✓ passed pass@1 (12.5s)
  [13/15] IF-13 ✓ passed pass@1 (1.9s)
  [14/15] IF-14 ✓ passed pass@1 (4.9s)
  [15/15] IF-15 ✓ passed pass@1 (8.2s)
instructfollow-15 (v1.0.0) | 14 / 15 | 93% | 7.70s | ok
