[runner] timeout scaling active: measured_decode_tps=45.9, reference_tps=100.0, scale=2.18
  [1/15] TC-01 ✓ passed pass@1 (3.2s)
  [2/15] TC-02 ✓ passed pass@1 (1.0s)
  [3/15] TC-03 ✗ wrong_answer fail (3.2s)
  [4/15] TC-04 ✓ passed pass@1 (1.2s)
  [5/15] TC-05 ✗ verifier_fail fail (3.8s)
  [6/15] TC-06 ✓ passed pass@1 (2.6s)
  [7/15] TC-07 ✓ passed pass@1 (2.1s)
  [8/15] TC-08 ✓ passed pass@1 (1.0s)
  [9/15] TC-09 ✗ verifier_fail fail (1.0s)
  [10/15] TC-10 ✓ passed pass@1 (0.5s)
  [11/15] TC-11 ✓ passed pass@1 (0.5s)
  [12/15] TC-12 ✓ passed pass@1 (4.8s)
  [13/15] TC-13 ✓ passed pass@1 (1.2s)
  [14/15] TC-14 ✓ passed pass@1 (1.0s)
  [15/15] TC-15 ✓ passed pass@1 (1.1s)
toolcall-15 (v1.0.1) | 12 / 15 | 80% | 1.22s | ok
  [1/15] IF-01 ✓ passed pass@1 (14.3s)
  [2/15] IF-02 ✓ passed pass@1 (5.1s)
  [3/15] IF-03 ✓ passed pass@1 (5.5s)
  [4/15] IF-04 ✗ verifier_fail fail (4.5s)
  [5/15] IF-05 ✓ passed pass@1 (7.2s)
  [6/15] IF-06 ✓ passed pass@1 (4.1s)
  [7/15] IF-07 ✓ passed pass@1 (7.7s)
  [8/15] IF-08 ✓ passed pass@1 (6.2s)
  [9/15] IF-09 ✓ passed pass@1 (18.1s)
  [10/15] IF-10 ✓ passed pass@1 (43.5s)
  [11/15] IF-11 ✓ passed pass@1 (21.6s)
  [12/15] IF-12 ✓ passed pass@1 (6.2s)
  [13/15] IF-13 ✓ passed pass@1 (2.7s)
  [14/15] IF-14 ✓ passed pass@1 (5.1s)
  [15/15] IF-15 ✓ passed pass@1 (7.0s)
instructfollow-15 (v1.0.0) | 14 / 15 | 93% | 6.23s | ok
